#-----------------------------------------------------------
# Vivado v2022.1 (64-bit)
# SW Build 3526262 on Mon Apr 18 15:47:01 MDT 2022
# IP Build 3524634 on Mon Apr 18 20:55:01 MDT 2022
# Start of session at: Thu Dec 26 15:55:12 2024
# Process ID: 169144
# Current directory: /home/lpt-10xe/10xTraining/TCP/dut/I2S_IP
# Command line: vivado
# Log file: /home/lpt-10xe/10xTraining/TCP/dut/I2S_IP/vivado.log
# Journal file: /home/lpt-10xe/10xTraining/TCP/dut/I2S_IP/vivado.jou
# Running On: junaid, OS: Linux, CPU Frequency: 1363.924 MHz, CPU Physical cores: 12, Host memory: 16050 MB
#-----------------------------------------------------------
start_gui
open_project /home/lpt-10xe/10xTraining/TCP/dut/I2S_IP/I2S_IP.xpr
update_compile_order -fileset sources_1
launch_simulation
open_wave_config /home/lpt-10xe/10xTraining/TCP/dut/I2S_IP/i2s_tx_10xe_tb_top_behav.wcfg
source i2s_tx_10xe_tb_top.tcl
relaunch_sim
relaunch_sim
relaunch_sim
relaunch_sim
relaunch_sim
relaunch_sim
relaunch_sim
run 1 s
relaunch_sim
run 1 s
relaunch_sim
run 1 s
relaunch_sim
run 1 s
